DIV
MOD
AND
OR
NOT
FUNCTION
PROCEDURE
TBEGIN
END
INTEGER
REAL
ARRAY
OF
PROGRAM
DO
ELSE
IF
THEN
VAR
WHILE
ID(boop)
BOOLEAN
STRING
CHAR
EOF
-- done dumping tokens --
