ID(boop)
ID(boop)
ID(boop)
ID(boop)
ID(boop)
ID(boop)
ID(hi)
EOF
-- done dumping tokens --
