NUM(0)
NUM(1)
NUM(012)
NUM(0123.4)
NUM(0.1234)
NUM(123e502134)
NUM(123e1)
NUM(123e+4)
NUM(123e-5)
NUM(123E-4)
NUM(125E+6)
NUM(0.1234e4)
NUM(0.1231E+6)
NUM(1234.134E-5)
EOF
-- done dumping tokens --
