LPAREN
RPAREN
LBRACKET
RBRACKET
COMMA
DOTDOT
DOT
DOTDOT
DOT
ASSIGNOP
COLON
SEMI
EOF
-- done dumping tokens --
