; vim: ft=nasm
extern write_integer@
extern write_newline@
SECTION .bss
display@: db 8
SECTION .text
global boo@
boo@:
sub rsp, -4
mov rbx, [display@ + 0]
lea rcx, [rbp+16]
mov rcx, [rcx]
mov [rbx], rcx
add rsp, -4
ret
global main
main:
mov rbp, rsp
;
sub rsp, 8
lea rbx, [rbp+0]
mov [display@ + 0], rbx
lea rbx, [rbp+0]
mov rbx, [rbx]
push rbx
push rbp

mov rbp, rsp
call boo@
pop rcx
pop rbp
pop rbx
; and we're done!
mov rax, 60
xor rdi, rdi
syscall
