ERROR: type of induction variable not integer
; vim: ft=nasm
extern write_integer@
extern write_newline@
SECTION .bss
display@: db 8
SECTION .text
global main
main:
mov rbp, rsp
;
sub rsp, 16
mov rbx, 1
mov rcx, 5
lea r8, [rbp+8]
