tried to index non-array `; vim: ft=nasm
extern write_integer@
extern write_newline@
SECTION .bss
display@: db 8
SECTION .text
global foo@
foo@:
global boo@
boo@:
sub rsp, -4
lea rbx, [rbp+16]
mov rbx, [rbx]
mov rcx, [display@ + 0]
mov rcx, [rcx]
imul rbx, rcx
mov rcx, [display@ + 8]
mov r8, [display@ + 16]
mov r8, [r8]
mov r9, [display@ + 24]
mov r9, [r9]
add r8, r9
mov r8, [r8]
add rbx, r8
push rbx
push rbp

mov rbp, rsp
call boo@
pop r8
pop rbp
pop rcx
pop rbx
add rsp, -4
ret
sub rsp, 0
push [display@ + 24]mov [display@ + 24], rbp+16
mov rbx, [display@ + 0]
mov rbx, [rbx]
push rbx
push rbp

mov rbp, rsp
call boo@
pop rcx
pop rbp
pop rbx
lea rcx, [rbp+0]
lea r8, [rbp+32]
mov r8, [r8]
mov r9, [display@ + 16]
mov r9, [r9]
add r8, r9
mov [rcx], r8
mov rcx, [rbp + 0]
mov [rbp], rcx
add rsp, 0
ret
global bar@
bar@:
sub rsp, -4
mov rbx, [display@ + 8]
lea rcx, [rbp+16]
c` which has type <id 0> integer
ERROR: 
