PROGRAM `empty` WITH ARGS:
AND VARIABLES:
AND SUBPROGRAMS:
DOES:
-- done dumping ast --
