PROGRAM `example` WITH ARGS:
  `input`
  `output`
AND VARIABLES:
  DECLARATION WITH TYPE:
    INTEGER
  OF NAMES:
    `x`
    `y`
AND SUBPROGRAMS:
  FUNCTION `gcd` WITH ARGS:
    DECLARATION WITH TYPE:
      INTEGER
    OF NAMES:
      `a`
      `b`
  RETURNING:
    INTEGER
  WITH SUBPROGRAMS:
    FUNCTION `md` WITH ARGS:
      DECLARATION WITH TYPE:
        INTEGER
      OF NAMES:
        `a`
        `b`
    RETURNING:
      INTEGER
    WITH SUBPROGRAMS:
    AND VARIABLES
    DOES:
      ASSIGN
        md
      TO
        BINOP MOD
          LEFT:
            a
          RIGHT:
            b
      APPLY `foo`
  AND VARIABLES
  DOES:
    IF FOLLOWING IS TRUE:
      BINOP EQ
        LEFT:
          b
        RIGHT:
          LIT `0`
    THEN:
      ASSIGN
        gcd
      TO
        a
    OTHERWISE:
      ASSIGN
        gcd
      TO
        APPLY `gcd`
        TO ARGS:
          b
          APPLY `md`
          TO ARGS:
            a
            b
DOES:
  APPLY `read` WITH:
    x
    y
  APPLY `write` WITH:
    APPLY `gcd`
    TO ARGS:
      x
      y
-- done dumping ast --
