PROGRAM `empty` WITH ARGS:
AND VARIABLES:
  DECLARATION WITH TYPE:
    STRING
  OF NAMES:
    `a`
  DECLARATION WITH TYPE:
    CHAR
  OF NAMES:
    `b`
  DECLARATION WITH TYPE:
    BOOLEAN
  OF NAMES:
    `c`
AND SUBPROGRAMS:
DOES:
-- done dumping ast --
